Archive member included to satisfy reference by file (symbol)

/home/subham/riscv-toolchain/lib/gcc/riscv32-unknown-elf/8.3.0/libgcc.a(_clzsi2.o)
                              ./build/FreeRTOS/tasks.o (__clzsi2)
/home/subham/riscv-toolchain/lib/gcc/riscv32-unknown-elf/8.3.0/libgcc.a(_udivdi3.o)
                              ./build/FreeRTOS/fe300prci_driver.o (__udivdi3)
/home/subham/riscv-toolchain/lib/gcc/riscv32-unknown-elf/8.3.0/libgcc.a(_clz.o)
                              /home/subham/riscv-toolchain/lib/gcc/riscv32-unknown-elf/8.3.0/libgcc.a(_clzsi2.o) (__clz_tab)
/home/subham/riscv-toolchain/lib/gcc/riscv32-unknown-elf/8.3.0/../../../../riscv32-unknown-elf/lib/libg_nano.a(lib_a-atexit.o)
                              ./build/FreeRTOS/start.o (atexit)
/home/subham/riscv-toolchain/lib/gcc/riscv32-unknown-elf/8.3.0/../../../../riscv32-unknown-elf/lib/libg_nano.a(lib_a-exit.o)
                              ./build/FreeRTOS/start.o (exit)
/home/subham/riscv-toolchain/lib/gcc/riscv32-unknown-elf/8.3.0/../../../../riscv32-unknown-elf/lib/libg_nano.a(lib_a-fini.o)
                              ./build/FreeRTOS/start.o (__libc_fini_array)
/home/subham/riscv-toolchain/lib/gcc/riscv32-unknown-elf/8.3.0/../../../../riscv32-unknown-elf/lib/libg_nano.a(lib_a-impure.o)
                              /home/subham/riscv-toolchain/lib/gcc/riscv32-unknown-elf/8.3.0/../../../../riscv32-unknown-elf/lib/libg_nano.a(lib_a-exit.o) (_global_impure_ptr)
/home/subham/riscv-toolchain/lib/gcc/riscv32-unknown-elf/8.3.0/../../../../riscv32-unknown-elf/lib/libg_nano.a(lib_a-init.o)
                              ./build/FreeRTOS/start.o (__libc_init_array)
/home/subham/riscv-toolchain/lib/gcc/riscv32-unknown-elf/8.3.0/../../../../riscv32-unknown-elf/lib/libg_nano.a(lib_a-memcpy-asm.o)
                              ./build/FreeRTOS/queue.o (memcpy)
/home/subham/riscv-toolchain/lib/gcc/riscv32-unknown-elf/8.3.0/../../../../riscv32-unknown-elf/lib/libg_nano.a(lib_a-memset.o)
                              ./build/app/TimerDemo.o (memset)
/home/subham/riscv-toolchain/lib/gcc/riscv32-unknown-elf/8.3.0/../../../../riscv32-unknown-elf/lib/libg_nano.a(lib_a-printf.o)
                              ./build/FreeRTOS/init.o (printf)
/home/subham/riscv-toolchain/lib/gcc/riscv32-unknown-elf/8.3.0/../../../../riscv32-unknown-elf/lib/libg_nano.a(lib_a-strcmp.o)
                              ./build/app/TimerDemo.o (strcmp)
/home/subham/riscv-toolchain/lib/gcc/riscv32-unknown-elf/8.3.0/../../../../riscv32-unknown-elf/lib/libg_nano.a(lib_a-strlen.o)
                              ./build/app/main_blinky.o (strlen)
/home/subham/riscv-toolchain/lib/gcc/riscv32-unknown-elf/8.3.0/../../../../riscv32-unknown-elf/lib/libg_nano.a(lib_a-__atexit.o)
                              /home/subham/riscv-toolchain/lib/gcc/riscv32-unknown-elf/8.3.0/../../../../riscv32-unknown-elf/lib/libg_nano.a(lib_a-atexit.o) (__register_exitproc)
/home/subham/riscv-toolchain/lib/gcc/riscv32-unknown-elf/8.3.0/../../../../riscv32-unknown-elf/lib/libg_nano.a(lib_a-__call_atexit.o)
                              /home/subham/riscv-toolchain/lib/gcc/riscv32-unknown-elf/8.3.0/../../../../riscv32-unknown-elf/lib/libg_nano.a(lib_a-__atexit.o) (__call_exitprocs)
/home/subham/riscv-toolchain/lib/gcc/riscv32-unknown-elf/8.3.0/../../../../riscv32-unknown-elf/lib/libg_nano.a(lib_a-findfp.o)
                              /home/subham/riscv-toolchain/lib/gcc/riscv32-unknown-elf/8.3.0/../../../../riscv32-unknown-elf/lib/libg_nano.a(lib_a-printf.o) (__sinit)
/home/subham/riscv-toolchain/lib/gcc/riscv32-unknown-elf/8.3.0/../../../../riscv32-unknown-elf/lib/libg_nano.a(lib_a-fwalk.o)
                              /home/subham/riscv-toolchain/lib/gcc/riscv32-unknown-elf/8.3.0/../../../../riscv32-unknown-elf/lib/libg_nano.a(lib_a-findfp.o) (_fwalk)
/home/subham/riscv-toolchain/lib/gcc/riscv32-unknown-elf/8.3.0/../../../../riscv32-unknown-elf/lib/libg_nano.a(lib_a-nano-mallocr.o)
                              /home/subham/riscv-toolchain/lib/gcc/riscv32-unknown-elf/8.3.0/../../../../riscv32-unknown-elf/lib/libg_nano.a(lib_a-findfp.o) (_malloc_r)
/home/subham/riscv-toolchain/lib/gcc/riscv32-unknown-elf/8.3.0/../../../../riscv32-unknown-elf/lib/libg_nano.a(lib_a-nano-vfprintf.o)
                              /home/subham/riscv-toolchain/lib/gcc/riscv32-unknown-elf/8.3.0/../../../../riscv32-unknown-elf/lib/libg_nano.a(lib_a-printf.o) (_vfprintf_r)
/home/subham/riscv-toolchain/lib/gcc/riscv32-unknown-elf/8.3.0/../../../../riscv32-unknown-elf/lib/libg_nano.a(lib_a-sbrkr.o)
                              /home/subham/riscv-toolchain/lib/gcc/riscv32-unknown-elf/8.3.0/../../../../riscv32-unknown-elf/lib/libg_nano.a(lib_a-nano-mallocr.o) (_sbrk_r)
/home/subham/riscv-toolchain/lib/gcc/riscv32-unknown-elf/8.3.0/../../../../riscv32-unknown-elf/lib/libg_nano.a(lib_a-stdio.o)
[...]
Memory Configuration

Name             Origin             Length             Attributes
flash            0x0000000020400000 0x0000000020000000 axrl !w
ram              0x0000000080000000 0x0000000000004000 axw !rl
*default*        0x0000000000000000 0xffffffffffffffff

Linker script and memory map

                0x0000000000000400                __stack_size = 0x400
START GROUP
END GROUP
LOAD ./build/app/main.o
LOAD ./build/app/main_blinky.o
LOAD ./build/app/main_full.o
LOAD ./build/app/RegTest.o
LOAD ./build/app/EventGroupsDemo.o
LOAD ./build/app/TimerDemo.o
LOAD ./build/app/TaskNotify.o
LOAD ./build/app/GenQTest.o
LOAD ./build/app/blocktim.o
LOAD ./build/app/dynamic.o
LOAD ./build/app/recmutex.o
LOAD ./build/FreeRTOS/croutine.o
LOAD ./build/FreeRTOS/list.o
LOAD ./build/FreeRTOS/queue.o
LOAD ./build/FreeRTOS/tasks.o
LOAD ./build/FreeRTOS/timers.o
LOAD ./build/FreeRTOS/event_groups.o
LOAD ./build/FreeRTOS/stream_buffer.o
LOAD ./build/FreeRTOS/heap_4.o
LOAD ./build/FreeRTOS/port.o
LOAD ./build/FreeRTOS/portASM.o
LOAD ./build/FreeRTOS/_exit.o
LOAD ./build/FreeRTOS/close.o
LOAD ./build/FreeRTOS/execve.o
LOAD ./build/FreeRTOS/fork.o
LOAD ./build/FreeRTOS/fstat.o
LOAD ./build/FreeRTOS/getpid.o
LOAD ./build/FreeRTOS/isatty.o
LOAD ./build/FreeRTOS/kill.o
LOAD ./build/FreeRTOS/link.o
LOAD ./build/FreeRTOS/lseek.o
LOAD ./build/FreeRTOS/openat.o
LOAD ./build/FreeRTOS/puts.o
LOAD ./build/FreeRTOS/read.o
LOAD ./build/FreeRTOS/sbrk.o
LOAD ./build/FreeRTOS/stat.o
LOAD ./build/FreeRTOS/times.o
LOAD ./build/FreeRTOS/unlink.o
LOAD ./build/FreeRTOS/wait.o
LOAD ./build/FreeRTOS/write.o
LOAD ./build/FreeRTOS/malloc.o
LOAD ./build/FreeRTOS/write_hex.o
LOAD ./build/FreeRTOS/init.o
LOAD ./build/FreeRTOS/plic_driver.o
LOAD ./build/FreeRTOS/fe300prci_driver.o
LOAD ./build/FreeRTOS/entry.o
LOAD ./build/FreeRTOS/start.o
LOAD /home/subham/riscv-toolchain/lib/gcc/riscv32-unknown-elf/8.3.0/libgcc.a
LOAD /home/subham/riscv-toolchain/lib/gcc/riscv32-unknown-elf/8.3.0/../../../../riscv32-unknown-elf/lib/libg_nano.a
LOAD /home/subham/riscv-toolchain/lib/gcc/riscv32-unknown-elf/8.3.0/../../../../riscv32-unknown-elf/lib/libc_nano.a
LOAD /home/subham/riscv-toolchain/lib/gcc/riscv32-unknown-elf/8.3.0/libgcc.a
START GROUP
LOAD /home/subham/riscv-toolchain/lib/gcc/riscv32-unknown-elf/8.3.0/libgcc.a
LOAD /home/subham/riscv-toolchain/lib/gcc/riscv32-unknown-elf/8.3.0/../../../../riscv32-unknown-elf/lib/libc_nano.a
LOAD /home/subham/riscv-toolchain/lib/gcc/riscv32-unknown-elf/8.3.0/../../../../riscv32-unknown-elf/lib/libgloss_nano.a
END GROUP
                0x0000000000000400                __stack_size = DEFINED (__stack_size)?__stack_size:0x800

.init           0x0000000020400000       0x7e
 *(SORT_NONE(.init))
 .init          0x0000000020400000       0x7e ./build/FreeRTOS/start.o
                0x0000000020400000                _start

.text           0x0000000020400100     0x5628
 *(.text.unlikely .text.unlikely.*)
 *(.text.startup .text.startup.*)
 *(.text .text.*)
 .text.main     0x0000000020400100       0x16 ./build/app/main.o
                0x0000000020400100                main
 .text.vApplicationMallocFailedHook
                0x0000000020400116        0xc ./build/app/main.o
                0x0000000020400116                vApplicationMallocFailedHook
 .text.vApplicationStackOverflowHook
                0x0000000020400122       0x14 ./build/app/main.o
                0x0000000020400122                vApplicationStackOverflowHook
 .text.vApplicationTickHook
                0x0000000020400136        0xe ./build/app/main.o
                0x0000000020400136                vApplicationTickHook
 .text.vAssertCalled
                0x0000000020400144       0x24 ./build/app/main.o
                0x0000000020400144                vAssertCalled
 .text.main_blinky
                0x0000000020400168       0x6a ./build/app/main_blinky.o
                0x0000000020400168                main_blinky
 .text.prvQueueSendTask
                0x00000000204001d2       0x56 ./build/app/main_blinky.o
 .text.prvQueueReceiveTask
                0x0000000020400228       0x82 ./build/app/main_blinky.o
 .text.vListInitialise
                0x00000000204002aa       0x4c ./build/FreeRTOS/list.o
                0x00000000204002aa                vListInitialise
 .text.vListInitialiseItem
                0x00000000204002f6       0x1a ./build/FreeRTOS/list.o
                0x00000000204002f6                vListInitialiseItem
 .text.vListInsertEnd
                0x0000000020400310       0x66 ./build/FreeRTOS/list.o
                0x0000000020400310                vListInsertEnd
 .text.vListInsert
                0x0000000020400376       0xa2 ./build/FreeRTOS/list.o
                0x0000000020400376                vListInsert
 .text.uxListRemove
                0x0000000020400418       0x70 ./build/FreeRTOS/list.o
                0x0000000020400418                uxListRemove
 .text.xQueueGenericReset
                0x0000000020400488       0xd6 ./build/FreeRTOS/queue.o
                0x0000000020400488                xQueueGenericReset
 .text.xQueueGenericCreate
                0x000000002040055e       0x8c ./build/FreeRTOS/queue.o
                0x000000002040055e                xQueueGenericCreate
 .text.prvInitialiseNewQueue
                0x00000000204005ea       0x60 ./build/FreeRTOS/queue.o
 .text.xQueueGenericSend
                0x000000002040064a      0x1b2 ./build/FreeRTOS/queue.o
                0x000000002040064a                xQueueGenericSend
 .text.xQueueGenericSendFromISR
                0x00000000204007fc       0xfe ./build/FreeRTOS/queue.o
                0x00000000204007fc                xQueueGenericSendFromISR
 .text.xQueueReceive
                0x00000000204008fa      0x190 ./build/FreeRTOS/queue.o
                0x00000000204008fa                xQueueReceive
 .text.prvCopyDataToQueue
                0x0000000020400a8a      0x12a ./build/FreeRTOS/queue.o
 .text.prvCopyDataFromQueue
                0x0000000020400bb4       0x6a ./build/FreeRTOS/queue.o
 .text.prvUnlockQueue
                0x0000000020400c1e       0xc4 ./build/FreeRTOS/queue.o
 .text.prvIsQueueEmpty
                0x0000000020400ce2       0x36 ./build/FreeRTOS/queue.o
 .text.prvIsQueueFull
                0x0000000020400d18       0x3e ./build/FreeRTOS/queue.o
 .text.vQueueAddToRegistry
                0x0000000020400d56       0x72 ./build/FreeRTOS/queue.o
                0x0000000020400d56                vQueueAddToRegistry
 .text.vQueueWaitForMessageRestricted
                0x0000000020400dc8       0x8a ./build/FreeRTOS/queue.o
                0x0000000020400dc8                vQueueWaitForMessageRestricted
 .text.xTaskCreate
                0x0000000020400e52       0xac ./build/FreeRTOS/tasks.o
                0x0000000020400e52                xTaskCreate
 .text.prvInitialiseNewTask
                0x0000000020400efe      0x182 ./build/FreeRTOS/tasks.o
 .text.prvAddNewTaskToReadyList
                0x0000000020401080      0x11c ./build/FreeRTOS/tasks.o
 .text.vTaskDelayUntil
                0x000000002040119c       0xe6 ./build/FreeRTOS/tasks.o
                0x000000002040119c                vTaskDelayUntil
 .text.vTaskStartScheduler
                0x0000000020401282       0x90 ./build/FreeRTOS/tasks.o
                0x0000000020401282                vTaskStartScheduler
 .text.vTaskSuspendAll
                0x0000000020401312       0x26 ./build/FreeRTOS/tasks.o
                0x0000000020401312                vTaskSuspendAll
 .text.xTaskResumeAll
                0x0000000020401338      0x164 ./build/FreeRTOS/tasks.o
                0x0000000020401338                xTaskResumeAll
 .text.xTaskGetTickCount
                0x000000002040149c       0x20 ./build/FreeRTOS/tasks.o
                0x000000002040149c                xTaskGetTickCount
 .text.xTaskIncrementTick
                0x00000000204014bc      0x200 ./build/FreeRTOS/tasks.o
                0x00000000204014bc                xTaskIncrementTick
 .text.vTaskSwitchContext
                0x00000000204016bc      0x144 ./build/FreeRTOS/tasks.o
                0x00000000204016bc                vTaskSwitchContext
 .text.vTaskPlaceOnEventList
                0x0000000020401800       0x42 ./build/FreeRTOS/tasks.o
                0x0000000020401800                vTaskPlaceOnEventList
 .text.vTaskPlaceOnEventListRestricted
                0x0000000020401842       0x54 ./build/FreeRTOS/tasks.o
                0x0000000020401842                vTaskPlaceOnEventListRestricted
 .text.xTaskRemoveFromEventList
                0x0000000020401896       0xdc ./build/FreeRTOS/tasks.o
                0x0000000020401896                xTaskRemoveFromEventList
 .text.vTaskInternalSetTimeOutState
                0x0000000020401972       0x32 ./build/FreeRTOS/tasks.o
                0x0000000020401972                vTaskInternalSetTimeOutState
 .text.xTaskCheckForTimeOut
                0x00000000204019a4       0xcc ./build/FreeRTOS/tasks.o
                0x00000000204019a4                xTaskCheckForTimeOut
 .text.vTaskMissedYield
                0x0000000020401a70       0x1a ./build/FreeRTOS/tasks.o
                0x0000000020401a70                vTaskMissedYield
 .text.prvIdleTask
                0x0000000020401a8a       0x10 ./build/FreeRTOS/tasks.o
 .text.prvInitialiseTaskLists
                0x0000000020401a9a       0x8c ./build/FreeRTOS/tasks.o
 .text.prvCheckTasksWaitingTermination
                0x0000000020401b26       0x72 ./build/FreeRTOS/tasks.o
 .text.prvDeleteTCB
                0x0000000020401b98       0x2a ./build/FreeRTOS/tasks.o
 .text.prvResetNextTaskUnblockTime
                0x0000000020401bc2       0x4c ./build/FreeRTOS/tasks.o
 .text.xTaskGetSchedulerState
                0x0000000020401c0e       0x3e ./build/FreeRTOS/tasks.o
                0x0000000020401c0e                xTaskGetSchedulerState
 .text.xTaskPriorityDisinherit
                0x0000000020401c4c      0x134 ./build/FreeRTOS/tasks.o
                0x0000000020401c4c                xTaskPriorityDisinherit
 .text.vTaskEnterCritical
                0x0000000020401d80       0x38 ./build/FreeRTOS/tasks.o
                0x0000000020401d80                vTaskEnterCritical
 .text.vTaskExitCritical
                0x0000000020401db8       0x4a ./build/FreeRTOS/tasks.o
                0x0000000020401db8                vTaskExitCritical
 .text.prvAddCurrentTaskToDelayedList
                0x0000000020401e02      0x11a ./build/FreeRTOS/tasks.o
 .text.xTimerCreateTimerTask
                0x0000000020401f1c       0x5a ./build/FreeRTOS/timers.o
                0x0000000020401f1c                xTimerCreateTimerTask
 .text.xTimerGenericCommand
                0x0000000020401f76       0xd2 ./build/FreeRTOS/timers.o
                0x0000000020401f76                xTimerGenericCommand
 .text.prvProcessExpiredTimer
                0x0000000020402048       0xa6 ./build/FreeRTOS/timers.o
 .text.prvTimerTask
                0x00000000204020ee       0x28 ./build/FreeRTOS/timers.o
 .text.prvProcessTimerOrBlockTask
                0x0000000020402116       0xa4 ./build/FreeRTOS/timers.o
 .text.prvGetNextExpireTime
                0x00000000204021ba       0x50 ./build/FreeRTOS/timers.o
 .text.prvSampleTimeNow
                0x000000002040220a       0x56 ./build/FreeRTOS/timers.o
 .text.prvInsertTimerInActiveList
                0x0000000020402260       0xb8 ./build/FreeRTOS/timers.o
 .text.prvProcessReceivedCommands
                0x0000000020402318      0x1cc ./build/FreeRTOS/timers.o
 .text.prvSwitchTimerLists
                0x00000000204024e4      0x104 ./build/FreeRTOS/timers.o
 .text.prvCheckForValidListAndQueue
                0x00000000204025e8       0x8c ./build/FreeRTOS/timers.o
 .text.pvPortMalloc
                0x0000000020402674      0x1d2 ./build/FreeRTOS/heap_4.o
                0x0000000020402674                pvPortMalloc
 .text.vPortFree
                0x0000000020402846       0xc2 ./build/FreeRTOS/heap_4.o
                0x0000000020402846                vPortFree
 .text.prvHeapInit
                0x0000000020402908      0x120 ./build/FreeRTOS/heap_4.o
 .text.prvInsertBlockIntoFreeList
                0x0000000020402a28       0xfc ./build/FreeRTOS/heap_4.o
 .text.vPortSetupTimerInterrupt
                0x0000000020402b24      0x13e ./build/FreeRTOS/port.o
                0x0000000020402b24                vPortSetupTimerInterrupt
 .text.xPortStartScheduler
                0x0000000020402c62       0x4c ./build/FreeRTOS/port.o
                0x0000000020402c62                xPortStartScheduler
 *fill*         0x0000000020402cae       0x52 
 .text          0x0000000020402d00      0x362 ./build/FreeRTOS/portASM.o
                0x0000000020402d00                freertos_risc_v_trap_handler
                0x0000000020402f00                xPortStartFirstTask
                0x0000000020403000                pxPortInitialiseStack
 .text.__wrap_exit
                0x0000000020403062       0x70 ./build/FreeRTOS/_exit.o
                0x0000000020403062                __wrap__exit
                0x0000000020403062                __wrap_exit
 .text._stub    0x00000000204030d2       0x14 ./build/FreeRTOS/close.o
 .text.__wrap_close
                0x00000000204030e6       0x1c ./build/FreeRTOS/close.o
                0x00000000204030e6                __wrap_close
                0x00000000204030e6                __wrap__close
 .text._stub    0x0000000020403102       0x14 ./build/FreeRTOS/fstat.o
 .text.__wrap_fstat
                0x0000000020403116       0x36 ./build/FreeRTOS/fstat.o
                0x0000000020403116                __wrap_fstat
                0x0000000020403116                __wrap__fstat
 .text.__wrap_isatty
                0x000000002040314c       0x2c ./build/FreeRTOS/isatty.o
                0x000000002040314c                __wrap_isatty
                0x000000002040314c                __wrap__isatty
 .text._stub    0x0000000020403178       0x14 ./build/FreeRTOS/lseek.o
 .text.__wrap_lseek
                0x000000002040318c       0x32 ./build/FreeRTOS/lseek.o
                0x000000002040318c                __wrap__lseek
                0x000000002040318c                __wrap_lseek
 .text._stub    0x00000000204031be       0x14 ./build/FreeRTOS/read.o
 .text.__wrap_read
                0x00000000204031d2       0xa4 ./build/FreeRTOS/read.o
                0x00000000204031d2                __wrap_read
                0x00000000204031d2                __wrap__read
 .text.__wrap_sbrk
                0x0000000020403276       0x7c ./build/FreeRTOS/sbrk.o
                0x0000000020403276                __wrap_sbrk
                0x0000000020403276                __wrap__sbrk
 .text._stub    0x00000000204032f2       0x14 ./build/FreeRTOS/write.o
 .text.__wrap_write
                0x0000000020403306       0xa0 ./build/FreeRTOS/write.o
                0x0000000020403306                __wrap_write
                0x0000000020403306                __wrap__write
 .text.write_hex
                0x00000000204033a6       0xa4 ./build/FreeRTOS/write_hex.o
                0x00000000204033a6                write_hex
 .text.mtime_lo
                0x000000002040344a       0x16 ./build/FreeRTOS/init.o
 .text.get_timer_freq
                0x0000000020403460       0x10 ./build/FreeRTOS/init.o
                0x0000000020403460                get_timer_freq
 .text.use_hfrosc
                0x0000000020403470       0x5c ./build/FreeRTOS/init.o
 .text.use_pll  0x00000000204034cc      0x142 ./build/FreeRTOS/init.o
 .text.use_default_clocks
                0x000000002040360e       0x34 ./build/FreeRTOS/init.o
 .text.measure_cpu_freq
                0x0000000020403642       0xaa ./build/FreeRTOS/init.o
 .text.get_cpu_freq
                0x00000000204036ec       0x3c ./build/FreeRTOS/init.o
                0x00000000204036ec                get_cpu_freq
 .text.uart_init
                0x0000000020403728       0x76 ./build/FreeRTOS/init.o
 .text.handle_trap
                0x000000002040379e       0x2c ./build/FreeRTOS/init.o
                0x000000002040379e                handle_trap
 .text._init    0x00000000204037ca       0x62 ./build/FreeRTOS/init.o
                0x00000000204037ca                _init
 .text._fini    0x000000002040382c        0xe ./build/FreeRTOS/init.o
                0x000000002040382c                _fini
 *fill*         0x000000002040383a        0x2 
 .text.entry    0x000000002040383c       0xa4 ./build/FreeRTOS/entry.o
                0x000000002040383c                trap_entry
 *fill*         0x00000000204038e0        0x0 
 .text          0x00000000204038e0       0x4c /home/subham/riscv-toolchain/lib/gcc/riscv32-unknown-elf/8.3.0/libgcc.a(_clzsi2.o)
                0x00000000204038e0                __clzsi2
 .text.atexit   0x000000002040392c       0x14 /home/subham/riscv-toolchain/lib/gcc/riscv32-unknown-elf/8.3.0/../../../../riscv32-unknown-elf/lib/libg_nano.a(lib_a-atexit.o)
                0x000000002040392c                atexit
 .text.exit     0x0000000020403940       0x40 /home/subham/riscv-toolchain/lib/gcc/riscv32-unknown-elf/8.3.0/../../../../riscv32-unknown-elf/lib/libg_nano.a(lib_a-exit.o)
                0x0000000020403940                exit
 .text.__libc_fini_array
                0x0000000020403980       0x5c /home/subham/riscv-toolchain/lib/gcc/riscv32-unknown-elf/8.3.0/../../../../riscv32-unknown-elf/lib/libg_nano.a(lib_a-fini.o)
                0x0000000020403980                __libc_fini_array
 .text.__libc_init_array
                0x00000000204039dc       0xa4 /home/subham/riscv-toolchain/lib/gcc/riscv32-unknown-elf/8.3.0/../../../../riscv32-unknown-elf/lib/libg_nano.a(lib_a-init.o)
                0x00000000204039dc                __libc_init_array
 .text          0x0000000020403a80       0x24 /home/subham/riscv-toolchain/lib/gcc/riscv32-unknown-elf/8.3.0/../../../../riscv32-unknown-elf/lib/libg_nano.a(lib_a-memcpy-asm.o)
                0x0000000020403a80                memcpy
 .text          0x0000000020403aa4       0x1c /home/subham/riscv-toolchain/lib/gcc/riscv32-unknown-elf/8.3.0/../../../../riscv32-unknown-elf/lib/libg_nano.a(lib_a-memset.o)
                0x0000000020403aa4                memset
 .text.printf   0x0000000020403ac0       0x74 /home/subham/riscv-toolchain/lib/gcc/riscv32-unknown-elf/8.3.0/../../../../riscv32-unknown-elf/lib/libg_nano.a(lib_a-printf.o)
                0x0000000020403ac0                printf
                0x0000000020403ac0                iprintf
 .text.strlen   0x0000000020403b34       0x1c /home/subham/riscv-toolchain/lib/gcc/riscv32-unknown-elf/8.3.0/../../../../riscv32-unknown-elf/lib/libg_nano.a(lib_a-strlen.o)
                0x0000000020403b34                strlen
 .text.__register_exitproc
                0x0000000020403b50       0xa8 /home/subham/riscv-toolchain/lib/gcc/riscv32-unknown-elf/8.3.0/../../../../riscv32-unknown-elf/lib/libg_nano.a(lib_a-__atexit.o)
                0x0000000020403b50                __register_exitproc
 .text.__call_exitprocs
                0x0000000020403bf8      0x13c /home/subham/riscv-toolchain/lib/gcc/riscv32-unknown-elf/8.3.0/../../../../riscv32-unknown-elf/lib/libg_nano.a(lib_a-__call_atexit.o)
                0x0000000020403bf8                __call_exitprocs
 .text.std      0x0000000020403d34       0x88 /home/subham/riscv-toolchain/lib/gcc/riscv32-unknown-elf/8.3.0/../../../../riscv32-unknown-elf/lib/libg_nano.a(lib_a-findfp.o)
 .text._cleanup_r
                0x0000000020403dbc        0xc /home/subham/riscv-toolchain/lib/gcc/riscv32-unknown-elf/8.3.0/../../../../riscv32-unknown-elf/lib/libg_nano.a(lib_a-findfp.o)
                0x0000000020403dbc                _cleanup_r
 .text.__sfmoreglue
                0x0000000020403dc8       0x6c /home/subham/riscv-toolchain/lib/gcc/riscv32-unknown-elf/8.3.0/../../../../riscv32-unknown-elf/lib/libg_nano.a(lib_a-findfp.o)
                0x0000000020403dc8                __sfmoreglue
 .text.__sinit  0x0000000020403e34       0xb0 /home/subham/riscv-toolchain/lib/gcc/riscv32-unknown-elf/8.3.0/../../../../riscv32-unknown-elf/lib/libg_nano.a(lib_a-findfp.o)
                0x0000000020403e34                __sinit
 .text.__sfp    0x0000000020403ee4       0xec /home/subham/riscv-toolchain/lib/gcc/riscv32-unknown-elf/8.3.0/../../../../riscv32-unknown-elf/lib/libg_nano.a(lib_a-findfp.o)
                0x0000000020403ee4                __sfp
 .text._fwalk_reent
                0x0000000020403fd0       0xb4 /home/subham/riscv-toolchain/lib/gcc/riscv32-unknown-elf/8.3.0/../../../../riscv32-unknown-elf/lib/libg_nano.a(lib_a-fwalk.o)
                0x0000000020403fd0                _fwalk_reent
 .text._malloc_r
                0x0000000020404084      0x154 /home/subham/riscv-toolchain/lib/gcc/riscv32-unknown-elf/8.3.0/../../../../riscv32-unknown-elf/lib/libg_nano.a(lib_a-nano-mallocr.o)
                0x0000000020404084                _malloc_r
 .text.__sfputc_r
                0x00000000204041d8       0x3c /home/subham/riscv-toolchain/lib/gcc/riscv32-unknown-elf/8.3.0/../../../../riscv32-unknown-elf/lib/libg_nano.a(lib_a-nano-vfprintf.o)
 .text.__sfputs_r
                0x0000000020404214       0x74 /home/subham/riscv-toolchain/lib/gcc/riscv32-unknown-elf/8.3.0/../../../../riscv32-unknown-elf/lib/libg_nano.a(lib_a-nano-vfprintf.o)
                0x0000000020404214                __sfputs_r
 .text._vfprintf_r
                0x0000000020404288      0x3d4 /home/subham/riscv-toolchain/lib/gcc/riscv32-unknown-elf/8.3.0/../../../../riscv32-unknown-elf/lib/libg_nano.a(lib_a-nano-vfprintf.o)
                0x0000000020404288                _vfiprintf_r
                0x0000000020404288                _vfprintf_r
 .text._sbrk_r  0x000000002040465c       0x4c /home/subham/riscv-toolchain/lib/gcc/riscv32-unknown-elf/8.3.0/../../../../riscv32-unknown-elf/lib/libg_nano.a(lib_a-sbrkr.o)
                0x000000002040465c                _sbrk_r
 .text.__sread  0x00000000204046a8       0x50 /home/subham/riscv-toolchain/lib/gcc/riscv32-unknown-elf/8.3.0/../../../../riscv32-unknown-elf/lib/libg_nano.a(lib_a-stdio.o)
                0x00000000204046a8                __sread
 .text.__swrite
                0x00000000204046f8       0x84 /home/subham/riscv-toolchain/lib/gcc/riscv32-unknown-elf/8.3.0/../../../../riscv32-unknown-elf/lib/libg_nano.a(lib_a-stdio.o)
                0x00000000204046f8                __swrite
 .text.__sseek  0x000000002040477c       0x58 /home/subham/riscv-toolchain/lib/gcc/riscv32-unknown-elf/8.3.0/../../../../riscv32-unknown-elf/lib/libg_nano.a(lib_a-stdio.o)
                0x000000002040477c                __sseek
 .text.__sclose
                0x00000000204047d4        0x8 /home/subham/riscv-toolchain/lib/gcc/riscv32-unknown-elf/8.3.0/../../../../riscv32-unknown-elf/lib/libg_nano.a(lib_a-stdio.o)
                0x00000000204047d4                __sclose
 .text.__swbuf_r
                0x00000000204047dc      0x138 /home/subham/riscv-toolchain/lib/gcc/riscv32-unknown-elf/8.3.0/../../../../riscv32-unknown-elf/lib/libg_nano.a(lib_a-wbuf.o)
                0x00000000204047dc                __swbuf_r
 .text._write_r
                0x0000000020404914       0x54 /home/subham/riscv-toolchain/lib/gcc/riscv32-unknown-elf/8.3.0/../../../../riscv32-unknown-elf/lib/libg_nano.a(lib_a-writer.o)
                0x0000000020404914                _write_r
 .text.__swsetup_r
                0x0000000020404968      0x178 /home/subham/riscv-toolchain/lib/gcc/riscv32-unknown-elf/8.3.0/../../../../riscv32-unknown-elf/lib/libg_nano.a(lib_a-wsetup.o)
                0x0000000020404968                __swsetup_r
 .text._close_r
                0x0000000020404ae0       0x4c /home/subham/riscv-toolchain/lib/gcc/riscv32-unknown-elf/8.3.0/../../../../riscv32-unknown-elf/lib/libg_nano.a(lib_a-closer.o)
                0x0000000020404ae0                _close_r
 .text.__sflush_r
                0x0000000020404b2c      0x1ec /home/subham/riscv-toolchain/lib/gcc/riscv32-unknown-elf/8.3.0/../../../../riscv32-unknown-elf/lib/libg_nano.a(lib_a-fflush.o)
                0x0000000020404b2c                __sflush_r
 .text._fflush_r
                0x0000000020404d18       0xa0 /home/subham/riscv-toolchain/lib/gcc/riscv32-unknown-elf/8.3.0/../../../../riscv32-unknown-elf/lib/libg_nano.a(lib_a-fflush.o)
                0x0000000020404d18                _fflush_r
 .text._lseek_r
                0x0000000020404db8       0x54 /home/subham/riscv-toolchain/lib/gcc/riscv32-unknown-elf/8.3.0/../../../../riscv32-unknown-elf/lib/libg_nano.a(lib_a-lseekr.o)
                0x0000000020404db8                _lseek_r
 .text.__swhatbuf_r
                0x0000000020404e0c       0x8c /home/subham/riscv-toolchain/lib/gcc/riscv32-unknown-elf/8.3.0/../../../../riscv32-unknown-elf/lib/libg_nano.a(lib_a-makebuf.o)
                0x0000000020404e0c                __swhatbuf_r
 .text.__smakebuf_r
                0x0000000020404e98       0xf0 /home/subham/riscv-toolchain/lib/gcc/riscv32-unknown-elf/8.3.0/../../../../riscv32-unknown-elf/lib/libg_nano.a(lib_a-makebuf.o)
                0x0000000020404e98                __smakebuf_r
 .text.memchr   0x0000000020404f88       0x24 /home/subham/riscv-toolchain/lib/gcc/riscv32-unknown-elf/8.3.0/../../../../riscv32-unknown-elf/lib/libg_nano.a(lib_a-memchr.o)
                0x0000000020404f88                memchr
 .text.__malloc_lock
                0x0000000020404fac        0x4 /home/subham/riscv-toolchain/lib/gcc/riscv32-unknown-elf/8.3.0/../../../../riscv32-unknown-elf/lib/libg_nano.a(lib_a-mlock.o)
                0x0000000020404fac                __malloc_lock
 .text.__malloc_unlock
                0x0000000020404fb0        0x4 /home/subham/riscv-toolchain/lib/gcc/riscv32-unknown-elf/8.3.0/../../../../riscv32-unknown-elf/lib/libg_nano.a(lib_a-mlock.o)
                0x0000000020404fb0                __malloc_unlock
 .text._free_r  0x0000000020404fb4      0x10c /home/subham/riscv-toolchain/lib/gcc/riscv32-unknown-elf/8.3.0/../../../../riscv32-unknown-elf/lib/libg_nano.a(lib_a-nano-freer.o)
                0x0000000020404fb4                _free_r
 .text._printf_common
                0x00000000204050c0      0x1b0 /home/subham/riscv-toolchain/lib/gcc/riscv32-unknown-elf/8.3.0/../../../../riscv32-unknown-elf/lib/libg_nano.a(lib_a-nano-vfprintf_i.o)
                0x00000000204050c0                _printf_common
 .text._printf_i
                0x0000000020405270      0x3c8 /home/subham/riscv-toolchain/lib/gcc/riscv32-unknown-elf/8.3.0/../../../../riscv32-unknown-elf/lib/libg_nano.a(lib_a-nano-vfprintf_i.o)
                0x0000000020405270                _printf_i
 .text._read_r  0x0000000020405638       0x54 /home/subham/riscv-toolchain/lib/gcc/riscv32-unknown-elf/8.3.0/../../../../riscv32-unknown-elf/lib/libg_nano.a(lib_a-readr.o)
                0x0000000020405638                _read_r
 .text._fstat_r
                0x000000002040568c       0x50 /home/subham/riscv-toolchain/lib/gcc/riscv32-unknown-elf/8.3.0/../../../../riscv32-unknown-elf/lib/libg_nano.a(lib_a-fstatr.o)
                0x000000002040568c                _fstat_r
 .text._isatty_r
                0x00000000204056dc       0x4c /home/subham/riscv-toolchain/lib/gcc/riscv32-unknown-elf/8.3.0/../../../../riscv32-unknown-elf/lib/libg_nano.a(lib_a-isattyr.o)
                0x00000000204056dc                _isatty_r
 *(.gnu.linkonce.t.*)

.fini
 *(SORT_NONE(.fini))
                [!provide]                        PROVIDE (__etext = .)
                [!provide]                        PROVIDE (_etext = .)
                [!provide]                        PROVIDE (etext = .)

.rodata         0x0000000020405728      0x24c
 *(.rdata)
 *(.rodata .rodata.*)
 .rodata        0x0000000020405728       0x2c ./build/app/main_blinky.o
 .rodata        0x0000000020405754        0x5 ./build/FreeRTOS/tasks.o
 *fill*         0x0000000020405759        0x3 
 .rodata        0x000000002040575c        0xd ./build/FreeRTOS/timers.o
 *fill*         0x0000000020405769        0x3 
 .rodata.prvProcessReceivedCommands
                0x000000002040576c       0x28 ./build/FreeRTOS/timers.o
 .rodata        0x0000000020405794       0x22 ./build/FreeRTOS/_exit.o
 *fill*         0x00000000204057b6        0x2 
 .rodata        0x00000000204057b8        0x3 ./build/FreeRTOS/write_hex.o
 *fill*         0x00000000204057bb        0x1 
 .rodata        0x00000000204057bc       0x1c ./build/FreeRTOS/init.o
 .rodata        0x00000000204057d8      0x100 /home/subham/riscv-toolchain/lib/gcc/riscv32-unknown-elf/8.3.0/libgcc.a(_clz.o)
                0x00000000204057d8                __clz_tab
 .rodata.__sf_fake_stderr
                0x00000000204058d8       0x20 /home/subham/riscv-toolchain/lib/gcc/riscv32-unknown-elf/8.3.0/../../../../riscv32-unknown-elf/lib/libg_nano.a(lib_a-findfp.o)
                0x00000000204058d8                __sf_fake_stderr
 .rodata.__sf_fake_stdin
                0x00000000204058f8       0x20 /home/subham/riscv-toolchain/lib/gcc/riscv32-unknown-elf/8.3.0/../../../../riscv32-unknown-elf/lib/libg_nano.a(lib_a-findfp.o)
                0x00000000204058f8                __sf_fake_stdin
 .rodata.__sf_fake_stdout
                0x0000000020405918       0x20 /home/subham/riscv-toolchain/lib/gcc/riscv32-unknown-elf/8.3.0/../../../../riscv32-unknown-elf/lib/libg_nano.a(lib_a-findfp.o)
                0x0000000020405918                __sf_fake_stdout
 .rodata._vfprintf_r.str1.4
                0x0000000020405938       0x13 /home/subham/riscv-toolchain/lib/gcc/riscv32-unknown-elf/8.3.0/../../../../riscv32-unknown-elf/lib/libg_nano.a(lib_a-nano-vfprintf.o)
 *fill*         0x000000002040594b        0x1 
 .rodata._printf_i.str1.4
                0x000000002040594c       0x28 /home/subham/riscv-toolchain/lib/gcc/riscv32-unknown-elf/8.3.0/../../../../riscv32-unknown-elf/lib/libg_nano.a(lib_a-nano-vfprintf_i.o)
                                         0x25 (size before relaxing)
 *(.gnu.linkonce.r.*)

.sdata2.xISRStackTop
                0x0000000020405974        0x4
 .sdata2.xISRStackTop
                0x0000000020405974        0x4 ./build/FreeRTOS/port.o
                0x0000000020405974                xISRStackTop

.sdata2.uxTimerIncrementsForOneTick
                0x0000000020405978        0x4
 .sdata2.uxTimerIncrementsForOneTick
                0x0000000020405978        0x4 ./build/FreeRTOS/port.o
                0x0000000020405978                uxTimerIncrementsForOneTick

.sdata2.pullMachineTimerCompareRegister
                0x000000002040597c        0x4
 .sdata2.pullMachineTimerCompareRegister
                0x000000002040597c        0x4 ./build/FreeRTOS/port.o
                0x000000002040597c                pullMachineTimerCompareRegister

.sdata2._global_impure_ptr
                0x0000000020405980        0x4
 .sdata2._global_impure_ptr
                0x0000000020405980        0x4 /home/subham/riscv-toolchain/lib/gcc/riscv32-unknown-elf/8.3.0/../../../../riscv32-unknown-elf/lib/libg_nano.a(lib_a-impure.o)
                0x0000000020405980                _global_impure_ptr

.rela.dyn       0x0000000020405984        0x0
 .rela.text.vQueueAddToRegistry
                0x0000000020405984        0x0 ./build/app/main.o
 .rela.sdata2.xISRStackTop
                0x0000000020405984        0x0 ./build/app/main.o
 .rela.text.xPortStartScheduler
                0x0000000020405984        0x0 ./build/app/main.o
 .rela.sdata.curbrk.1543
                0x0000000020405984        0x0 ./build/app/main.o
 .rela.text.__wrap_sbrk
                0x0000000020405984        0x0 ./build/app/main.o
 .rela.text.handle_trap
                0x0000000020405984        0x0 ./build/app/main.o
 .rela.text._init
                0x0000000020405984        0x0 ./build/app/main.o
 .rela.init     0x0000000020405984        0x0 ./build/app/main.o
 .rela.text.exit
                0x0000000020405984        0x0 ./build/app/main.o
 .rela.text.__libc_fini_array
                0x0000000020405984        0x0 ./build/app/main.o
 .rela.text.__libc_init_array
                0x0000000020405984        0x0 ./build/app/main.o
 .rela.text.__register_exitproc
                0x0000000020405984        0x0 ./build/app/main.o
 .rela.text._vfprintf_r
                0x0000000020405984        0x0 ./build/app/main.o
 .rela.text._sbrk_r
                0x0000000020405984        0x0 ./build/app/main.o
 .rela.text._write_r
                0x0000000020405984        0x0 ./build/app/main.o
 .rela.text._close_r
                0x0000000020405984        0x0 ./build/app/main.o
 .rela.text._lseek_r
                0x0000000020405984        0x0 ./build/app/main.o
 .rela.text._read_r
                0x0000000020405984        0x0 ./build/app/main.o
 .rela.text._fstat_r
                0x0000000020405984        0x0 ./build/app/main.o
 .rela.text._isatty_r
                0x0000000020405984        0x0 ./build/app/main.o
                0x0000000020405984                . = ALIGN (0x4)

.preinit_array  0x0000000020405984        0x0
                0x0000000020405984                PROVIDE (__preinit_array_start = .)
 *(.preinit_array)
                0x0000000020405984                PROVIDE (__preinit_array_end = .)

.init_array     0x0000000020405984        0x0
                0x0000000020405984                PROVIDE (__init_array_start = .)
 *(SORT_BY_INIT_PRIORITY(.init_array.*) SORT_BY_INIT_PRIORITY(.ctors.*))
 *(.init_array EXCLUDE_FILE(*crtend?.o *crtend.o *crtbegin?.o *crtbegin.o) .ctors)
                0x0000000020405984                PROVIDE (__init_array_end = .)

.fini_array     0x0000000020405984        0x0
                0x0000000020405984                PROVIDE (__fini_array_start = .)
 *(SORT_BY_INIT_PRIORITY(.fini_array.*) SORT_BY_INIT_PRIORITY(.dtors.*))
 *(.fini_array EXCLUDE_FILE(*crtend?.o *crtend.o *crtbegin?.o *crtbegin.o) .dtors)
                0x0000000020405984                PROVIDE (__fini_array_end = .)

.ctors
 *crtbegin.o(.ctors)
 *crtbegin?.o(.ctors)
 *(EXCLUDE_FILE(*crtend?.o *crtend.o) .ctors)
 *(SORT_BY_NAME(.ctors.*))
 *(.ctors)

.dtors
 *crtbegin.o(.dtors)
 *crtbegin?.o(.dtors)
 *(EXCLUDE_FILE(*crtend?.o *crtend.o) .dtors)
 *(SORT_BY_NAME(.dtors.*))
 *(.dtors)

.lalign         0x0000000020405984        0x0
                0x0000000020405984                . = ALIGN (0x4)
                0x0000000020405984                PROVIDE (_data_lma = .)

.dalign         0x0000000080000000        0x0 load address 0x0000000020405984
                0x0000000080000000                . = ALIGN (0x4)
                0x0000000080000000                PROVIDE (_data = .)

.data           0x0000000080000000       0x70 load address 0x0000000020405984
 *(.data .data.*)
 .data.impure_data
                0x0000000080000000       0x60 /home/subham/riscv-toolchain/lib/gcc/riscv32-unknown-elf/8.3.0/../../../../riscv32-unknown-elf/lib/libg_nano.a(lib_a-impure.o)
 *(.gnu.linkonce.d.*)
                0x0000000080000060                . = ALIGN (0x8)
                0x0000000080000860                PROVIDE (__global_pointer$ = (. + 0x800))
 *(.sdata .sdata.*)
 .sdata.pullNextTime
                0x0000000080000060        0x4 ./build/FreeRTOS/port.o
                0x0000000080000060                pullNextTime
 .sdata.curbrk.1543
                0x0000000080000064        0x4 ./build/FreeRTOS/sbrk.o
 .sdata._impure_ptr
                0x0000000080000068        0x4 /home/subham/riscv-toolchain/lib/gcc/riscv32-unknown-elf/8.3.0/../../../../riscv32-unknown-elf/lib/libg_nano.a(lib_a-impure.o)
                0x0000000080000068                _impure_ptr
 *(.gnu.linkonce.s.*)
                0x0000000080000070                . = ALIGN (0x8)
 *fill*         0x000000008000006c        0x4 
 *(.srodata.cst16)
 *(.srodata.cst8)
 *(.srodata.cst4)
 *(.srodata.cst2)
 *(.srodata .srodata.*)
                0x0000000080000070                . = ALIGN (0x4)
                0x0000000080000070                PROVIDE (_edata = .)
                [!provide]                        PROVIDE (edata = .)
                [!provide]                        PROVIDE (_fbss = .)
                0x0000000080000070                PROVIDE (__bss_start = .)

.bss            0x0000000080000070     0x3984
 *(.sbss*)
 .sbss.xQueue   0x0000000080000070        0x4 ./build/app/main_blinky.o
 .sbss.pxCurrentTCB
                0x0000000080000074        0x4 ./build/FreeRTOS/tasks.o
                0x0000000080000074                pxCurrentTCB
 .sbss.pxDelayedTaskList
                0x0000000080000078        0x4 ./build/FreeRTOS/tasks.o
 .sbss.pxOverflowDelayedTaskList
                0x000000008000007c        0x4 ./build/FreeRTOS/tasks.o
 .sbss.uxDeletedTasksWaitingCleanUp
                0x0000000080000080        0x4 ./build/FreeRTOS/tasks.o
 .sbss.uxCurrentNumberOfTasks
                0x0000000080000084        0x4 ./build/FreeRTOS/tasks.o
 .sbss.xTickCount
                0x0000000080000088        0x4 ./build/FreeRTOS/tasks.o
 .sbss.uxTopReadyPriority
                0x000000008000008c        0x4 ./build/FreeRTOS/tasks.o
 .sbss.xSchedulerRunning
                0x0000000080000090        0x4 ./build/FreeRTOS/tasks.o
 .sbss.uxPendedTicks
                0x0000000080000094        0x4 ./build/FreeRTOS/tasks.o
 .sbss.xYieldPending
                0x0000000080000098        0x4 ./build/FreeRTOS/tasks.o
 .sbss.xNumOfOverflows
                0x000000008000009c        0x4 ./build/FreeRTOS/tasks.o
 .sbss.uxTaskNumber
                0x00000000800000a0        0x4 ./build/FreeRTOS/tasks.o
 .sbss.xNextTaskUnblockTime
                0x00000000800000a4        0x4 ./build/FreeRTOS/tasks.o
 .sbss.xIdleTaskHandle
                0x00000000800000a8        0x4 ./build/FreeRTOS/tasks.o
 .sbss.uxSchedulerSuspended
                0x00000000800000ac        0x4 ./build/FreeRTOS/tasks.o
 .sbss.pxCurrentTimerList
                0x00000000800000b0        0x4 ./build/FreeRTOS/timers.o
 .sbss.pxOverflowTimerList
                0x00000000800000b4        0x4 ./build/FreeRTOS/timers.o
 .sbss.xTimerQueue
                0x00000000800000b8        0x4 ./build/FreeRTOS/timers.o
 .sbss.xTimerTaskHandle
                0x00000000800000bc        0x4 ./build/FreeRTOS/timers.o
 .sbss.xLastTime.2801
                0x00000000800000c0        0x4 ./build/FreeRTOS/timers.o
 .sbss.xStart   0x00000000800000c4        0x8 ./build/FreeRTOS/heap_4.o
 .sbss.pxEnd    0x00000000800000cc        0x4 ./build/FreeRTOS/heap_4.o
 .sbss.xFreeBytesRemaining
                0x00000000800000d0        0x4 ./build/FreeRTOS/heap_4.o
 .sbss.xMinimumEverFreeBytesRemaining
                0x00000000800000d4        0x4 ./build/FreeRTOS/heap_4.o
 .sbss.xBlockAllocatedBit
                0x00000000800000d8        0x4 ./build/FreeRTOS/heap_4.o
 *fill*         0x00000000800000dc        0x4 
 .sbss.ullNextTime
                0x00000000800000e0        0x8 ./build/FreeRTOS/port.o
                0x00000000800000e0                ullNextTime
 .sbss.cpu_freq.2937
                0x00000000800000e8        0x4 ./build/FreeRTOS/init.o
 .sbss._global_atexit
                0x00000000800000ec        0x4 /home/subham/riscv-toolchain/lib/gcc/riscv32-unknown-elf/8.3.0/../../../../riscv32-unknown-elf/lib/libg_nano.a(lib_a-__call_atexit.o)
                0x00000000800000ec                _global_atexit
 .sbss.__malloc_free_list
                0x00000000800000f0        0x4 /home/subham/riscv-toolchain/lib/gcc/riscv32-unknown-elf/8.3.0/../../../../riscv32-unknown-elf/lib/libg_nano.a(lib_a-nano-mallocr.o)
                0x00000000800000f0                __malloc_free_list
 .sbss.__malloc_sbrk_start
                0x00000000800000f4        0x4 /home/subham/riscv-toolchain/lib/gcc/riscv32-unknown-elf/8.3.0/../../../../riscv32-unknown-elf/lib/libg_nano.a(lib_a-nano-mallocr.o)
                0x00000000800000f4                __malloc_sbrk_start
 *(.gnu.linkonce.sb.*)
 *(.bss .bss.*)
 .bss.pxReadyTasksLists
                0x00000000800000f8       0x8c ./build/FreeRTOS/tasks.o
 .bss.xDelayedTaskList1
                0x0000000080000184       0x14 ./build/FreeRTOS/tasks.o
 .bss.xDelayedTaskList2
                0x0000000080000198       0x14 ./build/FreeRTOS/tasks.o
 .bss.xPendingReadyList
                0x00000000800001ac       0x14 ./build/FreeRTOS/tasks.o
 .bss.xTasksWaitingTermination
                0x00000000800001c0       0x14 ./build/FreeRTOS/tasks.o
 .bss.xSuspendedTaskList
                0x00000000800001d4       0x14 ./build/FreeRTOS/tasks.o
 .bss.xActiveTimerList1
                0x00000000800001e8       0x14 ./build/FreeRTOS/timers.o
 .bss.xActiveTimerList2
                0x00000000800001fc       0x14 ./build/FreeRTOS/timers.o
 .bss.ucHeap    0x0000000080000210     0x3714 ./build/FreeRTOS/heap_4.o
 .bss._global_atexit0
                0x0000000080003924       0x8c /home/subham/riscv-toolchain/lib/gcc/riscv32-unknown-elf/8.3.0/../../../../riscv32-unknown-elf/lib/libg_nano.a(lib_a-__atexit.o)
 *(.gnu.linkonce.b.*)
 *(COMMON)
 COMMON         0x00000000800039b0       0x40 ./build/FreeRTOS/queue.o
                0x00000000800039b0                xQueueRegistry
 COMMON         0x00000000800039f0        0x4 /home/subham/riscv-toolchain/lib/gcc/riscv32-unknown-elf/8.3.0/../../../../riscv32-unknown-elf/lib/libg_nano.a(lib_a-reent.o)
                0x00000000800039f0                errno
                0x00000000800039f4                . = ALIGN (0x4)
                0x00000000800039f8                . = ALIGN (0x8)
                0x00000000800039f8                PROVIDE (_end = .)
                [!provide]                        PROVIDE (end = .)

.stack          0x0000000080003c00      0x400 load address 0x00000000800039f4
                0x0000000080003c00                PROVIDE (_heap_end = .)
                0x0000000000000400                . = __stack_size
 *fill*         0x0000000080003c00      0x400 
                0x0000000080004000                PROVIDE (_sp = .)
                0x0000000080004000                __freertos_irq_stack_top = .
OUTPUT(build/FreeRTOS-simple.elf elf32-littleriscv)

.debug_info     0x0000000000000000     0xcecc
 .debug_info    0x0000000000000000      0x15f ./build/app/main.o
 .debug_info    0x000000000000015f      0xace ./build/app/main_blinky.o
 .debug_info    0x0000000000000c2d      0xb77 ./build/FreeRTOS/list.o
 .debug_info    0x00000000000017a4     0x1916 ./build/FreeRTOS/queue.o
 .debug_info    0x00000000000030ba     0x1e7a ./build/FreeRTOS/tasks.o
 .debug_info    0x0000000000004f34     0x1486 ./build/FreeRTOS/timers.o
 .debug_info    0x00000000000063ba      0xbc0 ./build/FreeRTOS/heap_4.o
 .debug_info    0x0000000000006f7a      0x247 ./build/FreeRTOS/port.o
 .debug_info    0x00000000000071c1       0x26 ./build/FreeRTOS/portASM.o
 .debug_info    0x00000000000071e7      0x121 ./build/FreeRTOS/_exit.o
 .debug_info    0x0000000000007308      0x996 ./build/FreeRTOS/close.o
 .debug_info    0x0000000000007c9e      0xc23 ./build/FreeRTOS/fstat.o
 .debug_info    0x00000000000088c1       0xf7 ./build/FreeRTOS/isatty.o
 .debug_info    0x00000000000089b8      0xa1a ./build/FreeRTOS/lseek.o
 .debug_info    0x00000000000093d2      0xaa2 ./build/FreeRTOS/read.o
 .debug_info    0x0000000000009e74       0xf1 ./build/FreeRTOS/sbrk.o
 .debug_info    0x0000000000009f65      0xa83 ./build/FreeRTOS/write.o
 .debug_info    0x000000000000a9e8      0x15e ./build/FreeRTOS/write_hex.o
 .debug_info    0x000000000000ab46      0xc4f ./build/FreeRTOS/init.o
 .debug_info    0x000000000000b795       0x26 ./build/FreeRTOS/entry.o
 .debug_info    0x000000000000b7bb       0x26 ./build/FreeRTOS/start.o
 .debug_info    0x000000000000b7e1      0xbac /home/subham/riscv-toolchain/lib/gcc/riscv32-unknown-elf/8.3.0/libgcc.a(_clzsi2.o)
 .debug_info    0x000000000000c38d      0xb3f /home/subham/riscv-toolchain/lib/gcc/riscv32-unknown-elf/8.3.0/libgcc.a(_clz.o)

.debug_abbrev   0x0000000000000000     0x2681
 .debug_abbrev  0x0000000000000000       0xc9 ./build/app/main.o
 .debug_abbrev  0x00000000000000c9      0x20e ./build/app/main_blinky.o
 .debug_abbrev  0x00000000000002d7      0x235 ./build/FreeRTOS/list.o
 .debug_abbrev  0x000000000000050c      0x311 ./build/FreeRTOS/queue.o
 .debug_abbrev  0x000000000000081d      0x365 ./build/FreeRTOS/tasks.o
 .debug_abbrev  0x0000000000000b82      0x2d7 ./build/FreeRTOS/timers.o
 .debug_abbrev  0x0000000000000e59      0x2cb ./build/FreeRTOS/heap_4.o
 .debug_abbrev  0x0000000000001124      0x108 ./build/FreeRTOS/port.o
 .debug_abbrev  0x000000000000122c       0x14 ./build/FreeRTOS/portASM.o
 .debug_abbrev  0x0000000000001240       0xa0 ./build/FreeRTOS/_exit.o
 .debug_abbrev  0x00000000000012e0      0x206 ./build/FreeRTOS/close.o
 .debug_abbrev  0x00000000000014e6      0x206 ./build/FreeRTOS/fstat.o
 .debug_abbrev  0x00000000000016ec       0x76 ./build/FreeRTOS/isatty.o
 .debug_abbrev  0x0000000000001762      0x206 ./build/FreeRTOS/lseek.o
 .debug_abbrev  0x0000000000001968      0x21e ./build/FreeRTOS/read.o
 .debug_abbrev  0x0000000000001b86       0xad ./build/FreeRTOS/sbrk.o
 .debug_abbrev  0x0000000000001c33      0x236 ./build/FreeRTOS/write.o
 .debug_abbrev  0x0000000000001e69       0xae ./build/FreeRTOS/write_hex.o
 .debug_abbrev  0x0000000000001f17      0x318 ./build/FreeRTOS/init.o
 .debug_abbrev  0x000000000000222f       0x14 ./build/FreeRTOS/entry.o
 .debug_abbrev  0x0000000000002243       0x14 ./build/FreeRTOS/start.o
 .debug_abbrev  0x0000000000002257      0x242 /home/subham/riscv-toolchain/lib/gcc/riscv32-unknown-elf/8.3.0/libgcc.a(_clzsi2.o)
 .debug_abbrev  0x0000000000002499      0x1e8 /home/subham/riscv-toolchain/lib/gcc/riscv32-unknown-elf/8.3.0/libgcc.a(_clz.o)

.debug_aranges  0x0000000000000000      0x740
 .debug_aranges
                0x0000000000000000       0x48 ./build/app/main.o
 .debug_aranges
                0x0000000000000048       0x30 ./build/app/main_blinky.o
 .debug_aranges
                0x0000000000000078       0x40 ./build/FreeRTOS/list.o
 .debug_aranges
                0x00000000000000b8      0x118 ./build/FreeRTOS/queue.o
 .debug_aranges
                0x00000000000001d0      0x1c8 ./build/FreeRTOS/tasks.o
 .debug_aranges
                0x0000000000000398       0xd0 ./build/FreeRTOS/timers.o
 .debug_aranges
                0x0000000000000468       0x50 ./build/FreeRTOS/heap_4.o
 .debug_aranges
                0x00000000000004b8       0x30 ./build/FreeRTOS/port.o
 .debug_aranges
                0x00000000000004e8       0x20 ./build/FreeRTOS/portASM.o
 .debug_aranges
                0x0000000000000508       0x20 ./build/FreeRTOS/_exit.o
 .debug_aranges
                0x0000000000000528       0x28 ./build/FreeRTOS/close.o
 .debug_aranges
                0x0000000000000550       0x28 ./build/FreeRTOS/fstat.o
 .debug_aranges
                0x0000000000000578       0x20 ./build/FreeRTOS/isatty.o
 .debug_aranges
                0x0000000000000598       0x28 ./build/FreeRTOS/lseek.o
 .debug_aranges
                0x00000000000005c0       0x28 ./build/FreeRTOS/read.o
 .debug_aranges
                0x00000000000005e8       0x20 ./build/FreeRTOS/sbrk.o
 .debug_aranges
                0x0000000000000608       0x28 ./build/FreeRTOS/write.o
 .debug_aranges
                0x0000000000000630       0x20 ./build/FreeRTOS/write_hex.o
 .debug_aranges
                0x0000000000000650       0x78 ./build/FreeRTOS/init.o
 .debug_aranges
                0x00000000000006c8       0x20 ./build/FreeRTOS/entry.o
 .debug_aranges
                0x00000000000006e8       0x20 ./build/FreeRTOS/start.o
 .debug_aranges
                0x0000000000000708       0x20 /home/subham/riscv-toolchain/lib/gcc/riscv32-unknown-elf/8.3.0/libgcc.a(_clzsi2.o)
 .debug_aranges
                0x0000000000000728       0x18 /home/subham/riscv-toolchain/lib/gcc/riscv32-unknown-elf/8.3.0/libgcc.a(_clz.o)

.debug_ranges   0x0000000000000000      0x5a8
 .debug_ranges  0x0000000000000000       0x38 ./build/app/main.o
 .debug_ranges  0x0000000000000038       0x20 ./build/app/main_blinky.o
 .debug_ranges  0x0000000000000058       0x30 ./build/FreeRTOS/list.o
 .debug_ranges  0x0000000000000088      0x108 ./build/FreeRTOS/queue.o
 .debug_ranges  0x0000000000000190      0x1b8 ./build/FreeRTOS/tasks.o
 .debug_ranges  0x0000000000000348       0xc0 ./build/FreeRTOS/timers.o
 .debug_ranges  0x0000000000000408       0x40 ./build/FreeRTOS/heap_4.o
 .debug_ranges  0x0000000000000448       0x20 ./build/FreeRTOS/port.o
 .debug_ranges  0x0000000000000468       0x10 ./build/FreeRTOS/_exit.o
 .debug_ranges  0x0000000000000478       0x18 ./build/FreeRTOS/close.o
 .debug_ranges  0x0000000000000490       0x18 ./build/FreeRTOS/fstat.o
 .debug_ranges  0x00000000000004a8       0x10 ./build/FreeRTOS/isatty.o
 .debug_ranges  0x00000000000004b8       0x18 ./build/FreeRTOS/lseek.o
 .debug_ranges  0x00000000000004d0       0x18 ./build/FreeRTOS/read.o
 .debug_ranges  0x00000000000004e8       0x10 ./build/FreeRTOS/sbrk.o
 .debug_ranges  0x00000000000004f8       0x18 ./build/FreeRTOS/write.o
 .debug_ranges  0x0000000000000510       0x10 ./build/FreeRTOS/write_hex.o
 .debug_ranges  0x0000000000000520       0x68 ./build/FreeRTOS/init.o
 .debug_ranges  0x0000000000000588       0x20 /home/subham/riscv-toolchain/lib/gcc/riscv32-unknown-elf/8.3.0/libgcc.a(_clzsi2.o)

.debug_macro    0x0000000000000000     0x5980
 .debug_macro   0x0000000000000000      0x160 ./build/app/main.o
 .debug_macro   0x0000000000000160      0x76c ./build/app/main.o
 .debug_macro   0x00000000000008cc       0x22 ./build/app/main.o
 .debug_macro   0x00000000000008ee       0x8e ./build/app/main.o
 .debug_macro   0x000000000000097c       0x51 ./build/app/main.o
 .debug_macro   0x00000000000009cd      0x174 ./build/app/main.o
 .debug_macro   0x0000000000000b41      0x339 ./build/app/main.o
 .debug_macro   0x0000000000000e7a       0xef ./build/app/main.o
 .debug_macro   0x0000000000000f69       0x6a ./build/app/main.o
 .debug_macro   0x0000000000000fd3      0x1df ./build/app/main.o
 .debug_macro   0x00000000000011b2       0x16 ./build/app/main.o
 .debug_macro   0x00000000000011c8       0x22 ./build/app/main.o
 .debug_macro   0x00000000000011ea      0x1a2 ./build/app/main.o
 .debug_macro   0x000000000000138c       0x2e ./build/app/main.o
 .debug_macro   0x00000000000013ba       0x70 ./build/app/main.o
 .debug_macro   0x000000000000142a       0x5e ./build/app/main.o
 .debug_macro   0x0000000000001488       0x5e ./build/app/main.o
 .debug_macro   0x00000000000014e6       0xe2 ./build/app/main.o
 .debug_macro   0x00000000000015c8       0xa0 ./build/app/main.o
 .debug_macro   0x0000000000001668      0x130 ./build/app/main.o
 .debug_macro   0x0000000000001798       0x58 ./build/app/main.o
 .debug_macro   0x00000000000017f0      0x1f0 ./build/app/main.o
 .debug_macro   0x00000000000019e0       0xd0 ./build/app/main.o
 .debug_macro   0x0000000000001ab0      0x140 ./build/app/main.o
 .debug_macro   0x0000000000001bf0      0x15a ./build/app/main.o
 .debug_macro   0x0000000000001d4a       0xb2 ./build/app/main.o
 .debug_macro   0x0000000000001dfc       0x1c ./build/app/main.o
 .debug_macro   0x0000000000001e18       0x26 ./build/app/main.o
 .debug_macro   0x0000000000001e3e      0x4cc ./build/app/main.o
 .debug_macro   0x000000000000230a       0xb5 ./build/app/main.o
 .debug_macro   0x00000000000023bf       0xaa ./build/app/main.o
 .debug_macro   0x0000000000002469      0x31a ./build/app/main_blinky.o
 .debug_macro   0x0000000000002783       0x52 ./build/app/main_blinky.o
 .debug_macro   0x00000000000027d5       0x19 ./build/app/main_blinky.o
 .debug_macro   0x00000000000027ee       0x34 ./build/app/main_blinky.o
 .debug_macro   0x0000000000002822       0x34 ./build/app/main_blinky.o
 .debug_macro   0x0000000000002856       0x16 ./build/app/main_blinky.o
 .debug_macro   0x000000000000286c       0x35 ./build/app/main_blinky.o
 .debug_macro   0x00000000000028a1       0x10 ./build/app/main_blinky.o
 .debug_macro   0x00000000000028b1       0x52 ./build/app/main_blinky.o
 .debug_macro   0x0000000000002903       0x1f ./build/app/main_blinky.o
 .debug_macro   0x0000000000002922       0x43 ./build/app/main_blinky.o
 .debug_macro   0x0000000000002965       0x20 ./build/app/main_blinky.o
 .debug_macro   0x0000000000002985      0x18e ./build/app/main_blinky.o
 .debug_macro   0x0000000000002b13       0x10 ./build/app/main_blinky.o
 .debug_macro   0x0000000000002b23       0x1c ./build/app/main_blinky.o
 .debug_macro   0x0000000000002b3f       0x52 ./build/app/main_blinky.o
 .debug_macro   0x0000000000002b91       0x40 ./build/app/main_blinky.o
 .debug_macro   0x0000000000002bd1       0x10 ./build/app/main_blinky.o
 .debug_macro   0x0000000000002be1       0x40 ./build/app/main_blinky.o
 .debug_macro   0x0000000000002c21       0xd5 ./build/app/main_blinky.o
 .debug_macro   0x0000000000002cf6       0x1c ./build/app/main_blinky.o
 .debug_macro   0x0000000000002d12       0x3d ./build/app/main_blinky.o
 .debug_macro   0x0000000000002d4f       0x16 ./build/app/main_blinky.o
 .debug_macro   0x0000000000002d65      0x16f ./build/app/main_blinky.o
 .debug_macro   0x0000000000002ed4       0x16 ./build/app/main_blinky.o
 .debug_macro   0x0000000000002eea       0x16 ./build/app/main_blinky.o
 .debug_macro   0x0000000000002f00      0x51a ./build/app/main_blinky.o
 .debug_macro   0x000000000000341a       0x80 ./build/app/main_blinky.o
 .debug_macro   0x000000000000349a      0x1f7 ./build/FreeRTOS/list.o
 .debug_macro   0x0000000000003691      0x287 ./build/FreeRTOS/queue.o
 .debug_macro   0x0000000000003918      0x2ea ./build/FreeRTOS/tasks.o
 .debug_macro   0x0000000000003c02       0x10 ./build/FreeRTOS/tasks.o
 .debug_macro   0x0000000000003c12      0x24c ./build/FreeRTOS/timers.o
 .debug_macro   0x0000000000003e5e       0x97 ./build/FreeRTOS/timers.o
 .debug_macro   0x0000000000003ef5      0x21e ./build/FreeRTOS/heap_4.o
 .debug_macro   0x0000000000004113      0x16a ./build/FreeRTOS/port.o
 .debug_macro   0x000000000000427d      0x20c ./build/FreeRTOS/_exit.o
 .debug_macro   0x0000000000004489       0x10 ./build/FreeRTOS/_exit.o
 .debug_macro   0x0000000000004499      0x1de ./build/FreeRTOS/_exit.o
 .debug_macro   0x0000000000004677       0x16 ./build/FreeRTOS/_exit.o
 .debug_macro   0x000000000000468d       0x10 ./build/FreeRTOS/_exit.o
 .debug_macro   0x000000000000469d       0xef ./build/FreeRTOS/close.o
 .debug_macro   0x000000000000478c       0x10 ./build/FreeRTOS/close.o
 .debug_macro   0x000000000000479c      0x23b ./build/FreeRTOS/close.o
 .debug_macro   0x00000000000049d7      0x1eb ./build/FreeRTOS/fstat.o
 .debug_macro   0x0000000000004bc2       0x10 ./build/FreeRTOS/fstat.o
 .debug_macro   0x0000000000004bd2       0x10 ./build/FreeRTOS/fstat.o
 .debug_macro   0x0000000000004be2       0x10 ./build/FreeRTOS/fstat.o
 .debug_macro   0x0000000000004bf2       0x35 ./build/FreeRTOS/fstat.o
 .debug_macro   0x0000000000004c27      0x122 ./build/FreeRTOS/fstat.o
 .debug_macro   0x0000000000004d49      0x174 ./build/FreeRTOS/isatty.o
 .debug_macro   0x0000000000004ebd      0x1a3 ./build/FreeRTOS/lseek.o
 .debug_macro   0x0000000000005060      0x236 ./build/FreeRTOS/read.o
 .debug_macro   0x0000000000005296       0x5d ./build/FreeRTOS/sbrk.o
 .debug_macro   0x00000000000052f3      0x236 ./build/FreeRTOS/write.o
 .debug_macro   0x0000000000005529      0x1fe ./build/FreeRTOS/write_hex.o
 .debug_macro   0x0000000000005727      0x259 ./build/FreeRTOS/init.o

.debug_line     0x0000000000000000     0xa497
 .debug_line    0x0000000000000000      0x456 ./build/app/main.o
 .debug_line    0x0000000000000456      0x5f2 ./build/app/main_blinky.o
 .debug_line    0x0000000000000a48      0x622 ./build/FreeRTOS/list.o
 .debug_line    0x000000000000106a     0x1d2d ./build/FreeRTOS/queue.o
 .debug_line    0x0000000000002d97     0x2590 ./build/FreeRTOS/tasks.o
 .debug_line    0x0000000000005327      0xf06 ./build/FreeRTOS/timers.o
 .debug_line    0x000000000000622d      0x983 ./build/FreeRTOS/heap_4.o
 .debug_line    0x0000000000006bb0      0x4a9 ./build/FreeRTOS/port.o
 .debug_line    0x0000000000007059      0x43b ./build/FreeRTOS/portASM.o
 .debug_line    0x0000000000007494      0x408 ./build/FreeRTOS/_exit.o
 .debug_line    0x000000000000789c      0x264 ./build/FreeRTOS/close.o
 .debug_line    0x0000000000007b00      0x367 ./build/FreeRTOS/fstat.o
 .debug_line    0x0000000000007e67      0x2ea ./build/FreeRTOS/isatty.o
 .debug_line    0x0000000000008151      0x334 ./build/FreeRTOS/lseek.o
 .debug_line    0x0000000000008485      0x4d0 ./build/FreeRTOS/read.o
 .debug_line    0x0000000000008955      0x1fd ./build/FreeRTOS/sbrk.o
 .debug_line    0x0000000000008b52      0x501 ./build/FreeRTOS/write.o
 .debug_line    0x0000000000009053      0x473 ./build/FreeRTOS/write_hex.o
 .debug_line    0x00000000000094c6      0x83b ./build/FreeRTOS/init.o
 .debug_line    0x0000000000009d01      0x1fc ./build/FreeRTOS/entry.o
 .debug_line    0x0000000000009efd       0xee ./build/FreeRTOS/start.o
 .debug_line    0x0000000000009feb      0x297 /home/subham/riscv-toolchain/lib/gcc/riscv32-unknown-elf/8.3.0/libgcc.a(_clzsi2.o)
 .debug_line    0x000000000000a282      0x215 /home/subham/riscv-toolchain/lib/gcc/riscv32-unknown-elf/8.3.0/libgcc.a(_clz.o)

.debug_str      0x0000000000000000    0x170e8
 .debug_str     0x0000000000000000     0xaa2a ./build/app/main.o
                                       0xac1b (size before relaxing)
 .debug_str     0x000000000000aa2a     0x40e9 ./build/app/main_blinky.o
                                       0xecd5 (size before relaxing)
 .debug_str     0x000000000000eb13      0x20a ./build/FreeRTOS/list.o
                                       0xbd2f (size before relaxing)
 .debug_str     0x000000000000ed1d      0x821 ./build/FreeRTOS/queue.o
                                       0xd352 (size before relaxing)
 .debug_str     0x000000000000f53e     0x1b2c ./build/FreeRTOS/tasks.o
                                       0xe029 (size before relaxing)
 .debug_str     0x000000000001106a      0x57f ./build/FreeRTOS/timers.o
                                       0xd8a6 (size before relaxing)
 .debug_str     0x00000000000115e9      0x233 ./build/FreeRTOS/heap_4.o
                                       0xc50c (size before relaxing)
 .debug_str     0x000000000001181c      0x175 ./build/FreeRTOS/port.o
                                       0xacf2 (size before relaxing)
 .debug_str     0x0000000000011991       0x37 ./build/FreeRTOS/portASM.o
                                         0x8f (size before relaxing)
 .debug_str     0x00000000000119c8       0xd5 ./build/FreeRTOS/_exit.o
                                       0x907c (size before relaxing)
 .debug_str     0x0000000000011a9d      0x349 ./build/FreeRTOS/close.o
                                       0x5bcb (size before relaxing)
 .debug_str     0x0000000000011de6      0x64b ./build/FreeRTOS/fstat.o
                                       0x7f58 (size before relaxing)
 .debug_str     0x0000000000012431       0x33 ./build/FreeRTOS/isatty.o
                                       0x638d (size before relaxing)
 .debug_str     0x0000000000012464       0x31 ./build/FreeRTOS/lseek.o
                                       0x78cb (size before relaxing)
 .debug_str     0x0000000000012495       0x4b ./build/FreeRTOS/read.o
                                       0xa5f8 (size before relaxing)
 .debug_str     0x00000000000124e0       0x45 ./build/FreeRTOS/sbrk.o
                                       0x4128 (size before relaxing)
 .debug_str     0x0000000000012525       0x31 ./build/FreeRTOS/write.o
                                       0xa5df (size before relaxing)
 .debug_str     0x0000000000012556       0x41 ./build/FreeRTOS/write_hex.o
                                       0x8ffa (size before relaxing)
 .debug_str     0x0000000000012597     0x4886 ./build/FreeRTOS/init.o
                                       0xefbf (size before relaxing)
 .debug_str     0x0000000000016e1d       0x1c ./build/FreeRTOS/entry.o
                                         0x80 (size before relaxing)
 .debug_str     0x0000000000016e39       0x1c ./build/FreeRTOS/start.o
                                         0x80 (size before relaxing)
 .debug_str     0x0000000000016e55      0x293 /home/subham/riscv-toolchain/lib/gcc/riscv32-unknown-elf/8.3.0/libgcc.a(_clzsi2.o)
                                        0x78e (size before relaxing)
 .debug_str     0x00000000000170e8      0x771 /home/subham/riscv-toolchain/lib/gcc/riscv32-unknown-elf/8.3.0/libgcc.a(_clz.o)

.comment        0x0000000000000000       0x11
 .comment       0x0000000000000000       0x11 ./build/app/main.o
                                         0x12 (size before relaxing)
 .comment       0x0000000000000011       0x12 ./build/app/main_blinky.o
 .comment       0x0000000000000011       0x12 ./build/FreeRTOS/list.o
 .comment       0x0000000000000011       0x12 ./build/FreeRTOS/queue.o
 .comment       0x0000000000000011       0x12 ./build/FreeRTOS/tasks.o
 .comment       0x0000000000000011       0x12 ./build/FreeRTOS/timers.o
 .comment       0x0000000000000011       0x12 ./build/FreeRTOS/heap_4.o
 .comment       0x0000000000000011       0x12 ./build/FreeRTOS/port.o
 .comment       0x0000000000000011       0x12 ./build/FreeRTOS/_exit.o
 .comment       0x0000000000000011       0x12 ./build/FreeRTOS/close.o
 .comment       0x0000000000000011       0x12 ./build/FreeRTOS/fstat.o
 .comment       0x0000000000000011       0x12 ./build/FreeRTOS/isatty.o
 .comment       0x0000000000000011       0x12 ./build/FreeRTOS/lseek.o
 .comment       0x0000000000000011       0x12 ./build/FreeRTOS/read.o
 .comment       0x0000000000000011       0x12 ./build/FreeRTOS/sbrk.o
 .comment       0x0000000000000011       0x12 ./build/FreeRTOS/write.o
 .comment       0x0000000000000011       0x12 ./build/FreeRTOS/write_hex.o
 .comment       0x0000000000000011       0x12 ./build/FreeRTOS/init.o
 .comment       0x0000000000000011       0x12 /home/subham/riscv-toolchain/lib/gcc/riscv32-unknown-elf/8.3.0/libgcc.a(_clzsi2.o)
 .comment       0x0000000000000011       0x12 /home/subham/riscv-toolchain/lib/gcc/riscv32-unknown-elf/8.3.0/libgcc.a(_clz.o)
 .comment       0x0000000000000011       0x12 /home/subham/riscv-toolchain/lib/gcc/riscv32-unknown-elf/8.3.0/../../../../riscv32-unknown-elf/lib/libg_nano.a(lib_a-atexit.o)
 .comment       0x0000000000000011       0x12 /home/subham/riscv-toolchain/lib/gcc/riscv32-unknown-elf/8.3.0/../../../../riscv32-unknown-elf/lib/libg_nano.a(lib_a-exit.o)
 .comment       0x0000000000000011       0x12 /home/subham/riscv-toolchain/lib/gcc/riscv32-unknown-elf/8.3.0/../../../../riscv32-unknown-elf/lib/libg_nano.a(lib_a-fini.o)
 .comment       0x0000000000000011       0x12 /home/subham/riscv-toolchain/lib/gcc/riscv32-unknown-elf/8.3.0/../../../../riscv32-unknown-elf/lib/libg_nano.a(lib_a-impure.o)
 .comment       0x0000000000000011       0x12 /home/subham/riscv-toolchain/lib/gcc/riscv32-unknown-elf/8.3.0/../../../../riscv32-unknown-elf/lib/libg_nano.a(lib_a-init.o)
 .comment       0x0000000000000011       0x12 /home/subham/riscv-toolchain/lib/gcc/riscv32-unknown-elf/8.3.0/../../../../riscv32-unknown-elf/lib/libg_nano.a(lib_a-printf.o)
 .comment       0x0000000000000011       0x12 /home/subham/riscv-toolchain/lib/gcc/riscv32-unknown-elf/8.3.0/../../../../riscv32-unknown-elf/lib/libg_nano.a(lib_a-strlen.o)
 .comment       0x0000000000000011       0x12 /home/subham/riscv-toolchain/lib/gcc/riscv32-unknown-elf/8.3.0/../../../../riscv32-unknown-elf/lib/libg_nano.a(lib_a-__atexit.o)
 .comment       0x0000000000000011       0x12 /home/subham/riscv-toolchain/lib/gcc/riscv32-unknown-elf/8.3.0/../../../../riscv32-unknown-elf/lib/libg_nano.a(lib_a-__call_atexit.o)
 .comment       0x0000000000000011       0x12 /home/subham/riscv-toolchain/lib/gcc/riscv32-unknown-elf/8.3.0/../../../../riscv32-unknown-elf/lib/libg_nano.a(lib_a-findfp.o)
 .comment       0x0000000000000011       0x12 /home/subham/riscv-toolchain/lib/gcc/riscv32-unknown-elf/8.3.0/../../../../riscv32-unknown-elf/lib/libg_nano.a(lib_a-fwalk.o)
 .comment       0x0000000000000011       0x12 /home/subham/riscv-toolchain/lib/gcc/riscv32-unknown-elf/8.3.0/../../../../riscv32-unknown-elf/lib/libg_nano.a(lib_a-nano-mallocr.o)
 .comment       0x0000000000000011       0x12 /home/subham/riscv-toolchain/lib/gcc/riscv32-unknown-elf/8.3.0/../../../../riscv32-unknown-elf/lib/libg_nano.a(lib_a-nano-vfprintf.o)
 .comment       0x0000000000000011       0x12 /home/subham/riscv-toolchain/lib/gcc/riscv32-unknown-elf/8.3.0/../../../../riscv32-unknown-elf/lib/libg_nano.a(lib_a-sbrkr.o)
 .comment       0x0000000000000011       0x12 /home/subham/riscv-toolchain/lib/gcc/riscv32-unknown-elf/8.3.0/../../../../riscv32-unknown-elf/lib/libg_nano.a(lib_a-stdio.o)
 .comment       0x0000000000000011       0x12 /home/subham/riscv-toolchain/lib/gcc/riscv32-unknown-elf/8.3.0/../../../../riscv32-unknown-elf/lib/libg_nano.a(lib_a-wbuf.o)
 .comment       0x0000000000000011       0x12 /home/subham/riscv-toolchain/lib/gcc/riscv32-unknown-elf/8.3.0/../../../../riscv32-unknown-elf/lib/libg_nano.a(lib_a-writer.o)
 .comment       0x0000000000000011       0x12 /home/subham/riscv-toolchain/lib/gcc/riscv32-unknown-elf/8.3.0/../../../../riscv32-unknown-elf/lib/libg_nano.a(lib_a-wsetup.o)
 .comment       0x0000000000000011       0x12 /home/subham/riscv-toolchain/lib/gcc/riscv32-unknown-elf/8.3.0/../../../../riscv32-unknown-elf/lib/libg_nano.a(lib_a-closer.o)
 .comment       0x0000000000000011       0x12 /home/subham/riscv-toolchain/lib/gcc/riscv32-unknown-elf/8.3.0/../../../../riscv32-unknown-elf/lib/libg_nano.a(lib_a-fflush.o)
 .comment       0x0000000000000011       0x12 /home/subham/riscv-toolchain/lib/gcc/riscv32-unknown-elf/8.3.0/../../../../riscv32-unknown-elf/lib/libg_nano.a(lib_a-lseekr.o)
 .comment       0x0000000000000011       0x12 /home/subham/riscv-toolchain/lib/gcc/riscv32-unknown-elf/8.3.0/../../../../riscv32-unknown-elf/lib/libg_nano.a(lib_a-makebuf.o)
 .comment       0x0000000000000011       0x12 /home/subham/riscv-toolchain/lib/gcc/riscv32-unknown-elf/8.3.0/../../../../riscv32-unknown-elf/lib/libg_nano.a(lib_a-memchr.o)
 .comment       0x0000000000000011       0x12 /home/subham/riscv-toolchain/lib/gcc/riscv32-unknown-elf/8.3.0/../../../../riscv32-unknown-elf/lib/libg_nano.a(lib_a-mlock.o)
 .comment       0x0000000000000011       0x12 /home/subham/riscv-toolchain/lib/gcc/riscv32-unknown-elf/8.3.0/../../../../riscv32-unknown-elf/lib/libg_nano.a(lib_a-nano-freer.o)
 .comment       0x0000000000000011       0x12 /home/subham/riscv-toolchain/lib/gcc/riscv32-unknown-elf/8.3.0/../../../../riscv32-unknown-elf/lib/libg_nano.a(lib_a-nano-vfprintf_i.o)
 .comment       0x0000000000000011       0x12 /home/subham/riscv-toolchain/lib/gcc/riscv32-unknown-elf/8.3.0/../../../../riscv32-unknown-elf/lib/libg_nano.a(lib_a-readr.o)
 .comment       0x0000000000000011       0x12 /home/subham/riscv-toolchain/lib/gcc/riscv32-unknown-elf/8.3.0/../../../../riscv32-unknown-elf/lib/libg_nano.a(lib_a-reent.o)
 .comment       0x0000000000000011       0x12 /home/subham/riscv-toolchain/lib/gcc/riscv32-unknown-elf/8.3.0/../../../../riscv32-unknown-elf/lib/libg_nano.a(lib_a-fstatr.o)
 .comment       0x0000000000000011       0x12 /home/subham/riscv-toolchain/lib/gcc/riscv32-unknown-elf/8.3.0/../../../../riscv32-unknown-elf/lib/libg_nano.a(lib_a-isattyr.o)

.riscv.attributes
                0x0000000000000000       0x29
 .riscv.attributes
                0x0000000000000000       0x29 ./build/app/main.o
 .riscv.attributes
                0x0000000000000029       0x29 ./build/app/main_blinky.o
 .riscv.attributes
                0x0000000000000052       0x29 ./build/FreeRTOS/list.o
 .riscv.attributes
                0x000000000000007b       0x29 ./build/FreeRTOS/queue.o
 .riscv.attributes
                0x00000000000000a4       0x29 ./build/FreeRTOS/tasks.o
 .riscv.attributes
                0x00000000000000cd       0x29 ./build/FreeRTOS/timers.o
 .riscv.attributes
                0x00000000000000f6       0x29 ./build/FreeRTOS/heap_4.o
 .riscv.attributes
                0x000000000000011f       0x29 ./build/FreeRTOS/port.o
 .riscv.attributes
                0x0000000000000148       0x29 ./build/FreeRTOS/portASM.o
 .riscv.attributes
                0x0000000000000171       0x29 ./build/FreeRTOS/_exit.o
 .riscv.attributes
                0x000000000000019a       0x29 ./build/FreeRTOS/close.o
 .riscv.attributes
                0x00000000000001c3       0x29 ./build/FreeRTOS/fstat.o
 .riscv.attributes
                0x00000000000001ec       0x29 ./build/FreeRTOS/isatty.o
 .riscv.attributes
                0x0000000000000215       0x29 ./build/FreeRTOS/lseek.o
 .riscv.attributes
                0x000000000000023e       0x29 ./build/FreeRTOS/read.o
 .riscv.attributes
                0x0000000000000267       0x29 ./build/FreeRTOS/sbrk.o
 .riscv.attributes
                0x0000000000000290       0x29 ./build/FreeRTOS/write.o
 .riscv.attributes
                0x00000000000002b9       0x29 ./build/FreeRTOS/write_hex.o
 .riscv.attributes
                0x00000000000002e2       0x29 ./build/FreeRTOS/init.o
 .riscv.attributes
                0x000000000000030b       0x29 ./build/FreeRTOS/entry.o
 .riscv.attributes
                0x0000000000000334       0x29 ./build/FreeRTOS/start.o
 .riscv.attributes
                0x000000000000035d       0x24 /home/subham/riscv-toolchain/lib/gcc/riscv32-unknown-elf/8.3.0/libgcc.a(_clzsi2.o)
 .riscv.attributes
                0x0000000000000381       0x24 /home/subham/riscv-toolchain/lib/gcc/riscv32-unknown-elf/8.3.0/libgcc.a(_clz.o)
 .riscv.attributes
                0x00000000000003a5       0x24 /home/subham/riscv-toolchain/lib/gcc/riscv32-unknown-elf/8.3.0/../../../../riscv32-unknown-elf/lib/libg_nano.a(lib_a-atexit.o)
 .riscv.attributes
                0x00000000000003c9       0x24 /home/subham/riscv-toolchain/lib/gcc/riscv32-unknown-elf/8.3.0/../../../../riscv32-unknown-elf/lib/libg_nano.a(lib_a-exit.o)
 .riscv.attributes
                0x00000000000003ed       0x24 /home/subham/riscv-toolchain/lib/gcc/riscv32-unknown-elf/8.3.0/../../../../riscv32-unknown-elf/lib/libg_nano.a(lib_a-fini.o)
 .riscv.attributes
                0x0000000000000411       0x24 /home/subham/riscv-toolchain/lib/gcc/riscv32-unknown-elf/8.3.0/../../../../riscv32-unknown-elf/lib/libg_nano.a(lib_a-impure.o)
 .riscv.attributes
                0x0000000000000435       0x24 /home/subham/riscv-toolchain/lib/gcc/riscv32-unknown-elf/8.3.0/../../../../riscv32-unknown-elf/lib/libg_nano.a(lib_a-init.o)
 .riscv.attributes
                0x0000000000000459       0x24 /home/subham/riscv-toolchain/lib/gcc/riscv32-unknown-elf/8.3.0/../../../../riscv32-unknown-elf/lib/libg_nano.a(lib_a-memcpy-asm.o)
 .riscv.attributes
                0x000000000000047d       0x24 /home/subham/riscv-toolchain/lib/gcc/riscv32-unknown-elf/8.3.0/../../../../riscv32-unknown-elf/lib/libg_nano.a(lib_a-memset.o)
 .riscv.attributes
                0x00000000000004a1       0x24 /home/subham/riscv-toolchain/lib/gcc/riscv32-unknown-elf/8.3.0/../../../../riscv32-unknown-elf/lib/libg_nano.a(lib_a-printf.o)
 .riscv.attributes
                0x00000000000004c5       0x24 /home/subham/riscv-toolchain/lib/gcc/riscv32-unknown-elf/8.3.0/../../../../riscv32-unknown-elf/lib/libg_nano.a(lib_a-strlen.o)
 .riscv.attributes
                0x00000000000004e9       0x24 /home/subham/riscv-toolchain/lib/gcc/riscv32-unknown-elf/8.3.0/../../../../riscv32-unknown-elf/lib/libg_nano.a(lib_a-__atexit.o)
 .riscv.attributes
                0x000000000000050d       0x24 /home/subham/riscv-toolchain/lib/gcc/riscv32-unknown-elf/8.3.0/../../../../riscv32-unknown-elf/lib/libg_nano.a(lib_a-__call_atexit.o)
 .riscv.attributes
                0x0000000000000531       0x24 /home/subham/riscv-toolchain/lib/gcc/riscv32-unknown-elf/8.3.0/../../../../riscv32-unknown-elf/lib/libg_nano.a(lib_a-findfp.o)
 .riscv.attributes
                0x0000000000000555       0x24 /home/subham/riscv-toolchain/lib/gcc/riscv32-unknown-elf/8.3.0/../../../../riscv32-unknown-elf/lib/libg_nano.a(lib_a-fwalk.o)
 .riscv.attributes
                0x0000000000000579       0x24 /home/subham/riscv-toolchain/lib/gcc/riscv32-unknown-elf/8.3.0/../../../../riscv32-unknown-elf/lib/libg_nano.a(lib_a-nano-mallocr.o)
 .riscv.attributes
                0x000000000000059d       0x24 /home/subham/riscv-toolchain/lib/gcc/riscv32-unknown-elf/8.3.0/../../../../riscv32-unknown-elf/lib/libg_nano.a(lib_a-nano-vfprintf.o)
 .riscv.attributes
                0x00000000000005c1       0x24 /home/subham/riscv-toolchain/lib/gcc/riscv32-unknown-elf/8.3.0/../../../../riscv32-unknown-elf/lib/libg_nano.a(lib_a-sbrkr.o)
 .riscv.attributes
                0x00000000000005e5       0x24 /home/subham/riscv-toolchain/lib/gcc/riscv32-unknown-elf/8.3.0/../../../../riscv32-unknown-elf/lib/libg_nano.a(lib_a-stdio.o)
 .riscv.attributes
                0x0000000000000609       0x24 /home/subham/riscv-toolchain/lib/gcc/riscv32-unknown-elf/8.3.0/../../../../riscv32-unknown-elf/lib/libg_nano.a(lib_a-wbuf.o)
 .riscv.attributes
                0x000000000000062d       0x24 /home/subham/riscv-toolchain/lib/gcc/riscv32-unknown-elf/8.3.0/../../../../riscv32-unknown-elf/lib/libg_nano.a(lib_a-writer.o)
 .riscv.attributes
                0x0000000000000651       0x24 /home/subham/riscv-toolchain/lib/gcc/riscv32-unknown-elf/8.3.0/../../../../riscv32-unknown-elf/lib/libg_nano.a(lib_a-wsetup.o)
 .riscv.attributes
                0x0000000000000675       0x24 /home/subham/riscv-toolchain/lib/gcc/riscv32-unknown-elf/8.3.0/../../../../riscv32-unknown-elf/lib/libg_nano.a(lib_a-closer.o)
 .riscv.attributes
                0x0000000000000699       0x24 /home/subham/riscv-toolchain/lib/gcc/riscv32-unknown-elf/8.3.0/../../../../riscv32-unknown-elf/lib/libg_nano.a(lib_a-fflush.o)
 .riscv.attributes
                0x00000000000006bd       0x24 /home/subham/riscv-toolchain/lib/gcc/riscv32-unknown-elf/8.3.0/../../../../riscv32-unknown-elf/lib/libg_nano.a(lib_a-lseekr.o)
 .riscv.attributes
                0x00000000000006e1       0x24 /home/subham/riscv-toolchain/lib/gcc/riscv32-unknown-elf/8.3.0/../../../../riscv32-unknown-elf/lib/libg_nano.a(lib_a-makebuf.o)
 .riscv.attributes
                0x0000000000000705       0x24 /home/subham/riscv-toolchain/lib/gcc/riscv32-unknown-elf/8.3.0/../../../../riscv32-unknown-elf/lib/libg_nano.a(lib_a-memchr.o)
 .riscv.attributes
                0x0000000000000729       0x24 /home/subham/riscv-toolchain/lib/gcc/riscv32-unknown-elf/8.3.0/../../../../riscv32-unknown-elf/lib/libg_nano.a(lib_a-mlock.o)
 .riscv.attributes
                0x000000000000074d       0x24 /home/subham/riscv-toolchain/lib/gcc/riscv32-unknown-elf/8.3.0/../../../../riscv32-unknown-elf/lib/libg_nano.a(lib_a-nano-freer.o)
 .riscv.attributes
                0x0000000000000771       0x24 /home/subham/riscv-toolchain/lib/gcc/riscv32-unknown-elf/8.3.0/../../../../riscv32-unknown-elf/lib/libg_nano.a(lib_a-nano-vfprintf_i.o)
 .riscv.attributes
                0x0000000000000795       0x24 /home/subham/riscv-toolchain/lib/gcc/riscv32-unknown-elf/8.3.0/../../../../riscv32-unknown-elf/lib/libg_nano.a(lib_a-readr.o)
 .riscv.attributes
                0x00000000000007b9       0x24 /home/subham/riscv-toolchain/lib/gcc/riscv32-unknown-elf/8.3.0/../../../../riscv32-unknown-elf/lib/libg_nano.a(lib_a-reent.o)
 .riscv.attributes
                0x00000000000007dd       0x24 /home/subham/riscv-toolchain/lib/gcc/riscv32-unknown-elf/8.3.0/../../../../riscv32-unknown-elf/lib/libg_nano.a(lib_a-fstatr.o)
 .riscv.attributes
                0x0000000000000801       0x24 /home/subham/riscv-toolchain/lib/gcc/riscv32-unknown-elf/8.3.0/../../../../riscv32-unknown-elf/lib/libg_nano.a(lib_a-isattyr.o)

.debug_frame    0x0000000000000000     0x1718
 .debug_frame   0x0000000000000000       0xcc ./build/app/main.o
 .debug_frame   0x00000000000000cc       0x64 ./build/app/main_blinky.o
 .debug_frame   0x0000000000000130       0xb0 ./build/FreeRTOS/list.o
 .debug_frame   0x00000000000001e0      0x4a0 ./build/FreeRTOS/queue.o
 .debug_frame   0x0000000000000680      0x7a4 ./build/FreeRTOS/tasks.o
 .debug_frame   0x0000000000000e24      0x348 ./build/FreeRTOS/timers.o
 .debug_frame   0x000000000000116c      0x100 ./build/FreeRTOS/heap_4.o
 .debug_frame   0x000000000000126c       0x74 ./build/FreeRTOS/port.o
 .debug_frame   0x00000000000012e0       0x2c ./build/FreeRTOS/_exit.o
 .debug_frame   0x000000000000130c       0x54 ./build/FreeRTOS/close.o
 .debug_frame   0x0000000000001360       0x54 ./build/FreeRTOS/fstat.o
 .debug_frame   0x00000000000013b4       0x30 ./build/FreeRTOS/isatty.o
 .debug_frame   0x00000000000013e4       0x54 ./build/FreeRTOS/lseek.o
 .debug_frame   0x0000000000001438       0x54 ./build/FreeRTOS/read.o
 .debug_frame   0x000000000000148c       0x30 ./build/FreeRTOS/sbrk.o
 .debug_frame   0x00000000000014bc       0x54 ./build/FreeRTOS/write.o
 .debug_frame   0x0000000000001510       0x34 ./build/FreeRTOS/write_hex.o
 .debug_frame   0x0000000000001544      0x1b4 ./build/FreeRTOS/init.o
 .debug_frame   0x00000000000016f8       0x20 /home/subham/riscv-toolchain/lib/gcc/riscv32-unknown-elf/8.3.0/libgcc.a(_clzsi2.o)

.debug_loc      0x0000000000000000       0x6b
 .debug_loc     0x0000000000000000       0x6b /home/subham/riscv-toolchain/lib/gcc/riscv32-unknown-elf/8.3.0/libgcc.a(_clzsi2.o)
